// Jest Snapshot v1, https://goo.gl/fbAQLP

exports[`should render Header correctly 1`] = `
<header
  className="header"
>
  <div
    className="container"
  >
    <div
      className="header__content"
    >
      <Link
        className="header__title"
        to="/dashboard"
      >
        <h1>
          Expensify
        </h1>
      </Link>
      <button
        className="button is-danger"
        onClick={[Function]}
      >
        Logout
      </button>
    </div>
  </div>
</header>
`;
