// Jest Snapshot v1, https://goo.gl/fbAQLP

exports[`should correctly render LoginPage 1`] = `
<div
  className="box-layout"
>
  <div
    className="box-layout__box"
  >
    <h1
      className="box-layout__title"
    >
      Expensify
    </h1>
    <p>
      Get your expsenses under control
    </p>
    <button
      className="button is-primary"
      onClick={[Function]}
    >
      Login with Google
    </button>
  </div>
</div>
`;
